// Jest Snapshot v1, https://goo.gl/fbAQLP

exports[`matches snapshot 1`] = `
<DocumentFragment>
  <div
    class="App"
  >
    <h1>
      Let's get some Todo's ToDONE!
    </h1>
    <div>
      <div>
        <form>
          <label
            for="task"
          >
            New Todo:
          </label>
          <input
            id="task"
            name="task"
            placeholder="New Todo"
            type="text"
            value=""
          />
          <button>
            Add a Todo!
          </button>
        </form>
      </div>
    </div>
  </div>
</DocumentFragment>
`;
