// Jest Snapshot v1, https://goo.gl/fbAQLP

exports[`matches snapshot 1`] = `
<DocumentFragment>
  <div>
    <div>
      <li>
        default todo
      </li>
      <button>
        Edit
      </button>
      <button>
        X
      </button>
    </div>
  </div>
</DocumentFragment>
`;
